../Core/Src/main.c:89:6:PCA9685_WriteReg	32	static
../Core/Src/main.c:94:9:PCA9685_ReadReg	32	static
../Core/Src/main.c:101:6:PCA9685_Init	24	static
../Core/Src/main.c:119:6:PCA9685_SetPWM	32	static
../Core/Src/main.c:129:6:PCA9685_SetAngle	24	static
../Core/Src/main.c:145:10:update_crc	24	static
../Core/Src/main.c:157:6:Dynamixel_Transmit	16	static
../Core/Src/main.c:166:6:Dynamixel_TorqueEnable	32	static
../Core/Src/main.c:186:6:Dynamixel_SetGoalPosition	40	static
../Core/Src/main.c:211:6:Dynamixel_SetGoalPosition_Degree	24	static
../Core/Src/main.c:223:9:Dynamixel_ReadData	144	static
../Core/Src/main.c:285:7:Dynamixel_GetPresentPosition_Degree	32	static
../Core/Src/main.c:297:9:Dynamixel_GetTemperature	24	static
../Core/Src/main.c:310:5:main	256	static
../Core/Src/main.c:448:6:SystemClock_Config	88	static
../Core/Src/main.c:495:13:MX_I2C4_Init	8	static
../Core/Src/main.c:543:13:MX_LPUART1_UART_Init	8	static
../Core/Src/main.c:590:13:MX_USART1_UART_Init	8	static
../Core/Src/main.c:638:13:MX_USART3_UART_Init	8	static
../Core/Src/main.c:684:13:MX_DMA_Init	16	static
../Core/Src/main.c:706:13:MX_GPIO_Init	48	static
../Core/Src/main.c:750:6:HAL_UART_RxCpltCallback	16	static
../Core/Src/main.c:767:6:Error_Handler	4	static,ignoring_inline_asm
